============================= test session starts =============================
platform win32 -- Python 3.14.0, pytest-9.0.2, pluggy-1.6.0
rootdir: D:\Web Projects\StockTrackingDashboard
plugins: anyio-3.7.1
collected 0 items / 1 error

=================================== ERRORS ====================================
_____________ ERROR collecting backend/tests/test_stock_routes.py _____________
ImportError while importing test module 'D:\Web Projects\StockTrackingDashboard\backend\tests\test_stock_routes.py'.
Hint: make sure your test modules/packages have valid Python names.
Traceback:
C:\Program Files\Python314\Lib\importlib\__init__.py:88: in import_module
    return _bootstrap._gcd_import(name[level:], package, level)
           ^^^^^^^^^^^^^^^^^^^^^^^^^^^^^^^^^^^^^^^^^^^^^^^^^^^^
backend\tests\test_stock_routes.py:4: in <module>
    from backend.app.main import app
backend\app\main.py:4: in <module>
    from routes.stock_routes import router as stock_router
E   ModuleNotFoundError: No module named 'routes'
=========================== short test summary info ===========================
ERROR backend/tests/test_stock_routes.py
!!!!!!!!!!!!!!!!!!! Interrupted: 1 error during collection !!!!!!!!!!!!!!!!!!!!
============================== 1 error in 1.00s ===============================
